2026-07-20 03:20:21 - INFO - 当前服务器配置为：交易时间段服务器重启后，执行拉起本交易操作
2026-07-20 03:20:21 - DEBUG - 策略配置新增参数：receive_cancel_response = 1
2026-07-20 03:20:21 - DEBUG - 更新策略配置参数，原值：not_restart_trade = 0，新值：not_restart_trade = 0
2026-07-20 03:20:21 - INFO - 本次set_parameters接口的not_restart_trade入参设置：交易时间段服务器重启后，会自动执行重新拉起本交易
2026-07-20 03:20:21 - DEBUG - 策略配置新增参数：server_restart_not_do_before = 0
2026-07-20 03:20:21 - INFO - 本次set_parameters接口的server_restart_not_do_before设置：服务器重启导致重拉交易的情况下，before_trading_start函数每次都会执行
2026-07-20 03:20:21 - INFO - [cross-v0.3.2] 初始化完成: 最大持仓=3 基础仓位比例=0.95 普通信号最短持有=5
2026-07-20 03:20:21 - INFO - [发布指纹] 构建=20260720.4 业务配置=1506a0e834fe 状态结构=3
2026-07-20 03:20:21 - INFO - [cross-v0.3.2] 位置差值上穿已启用 | 自检=通过 预期=通过 | 自检反转分=12
2026-07-20 03:20:21 - INFO - [指标参数] RSI(6,12,24) MACD(12,26,9) KDJ(9,3,3) BOLL(20,2.0) ATR(14) ADX(14) MA(5,10,20,60)
2026-07-20 03:20:22 - INFO - [状态恢复] 当前策略成交记录数=0
2026-07-20 03:20:22 - INFO - [状态恢复] 交割记录数=138 查询范围=20100101~20260717
2026-07-20 03:20:23 - WARNING - [状态恢复] 513050.SS已依据券商事实接管: 买入日期=2026-07-14 信号日期=2026-07-13 ATR=0.036429 持仓最高收盘价=1.145000 成本=1.071200
2026-07-20 03:20:23 - WARNING - [状态恢复] 513500.SS已依据券商事实接管: 买入日期=2026-07-16 信号日期=2026-07-15 ATR=0.025429 持仓最高收盘价=2.577000 成本=2.561100
2026-07-20 03:20:23 - WARNING - [状态恢复] 159985.SZ已依据券商事实接管: 买入日期=2026-07-07 信号日期=2026-07-06 ATR=0.029500 持仓最高收盘价=2.231000 成本=2.155300
2026-07-20 03:20:23 - INFO - [PTrade框架g] 状态=未提供 代次=不适用 原因=未发现持久状态元数据
2026-07-20 03:20:23 - INFO - [连续状态恢复] 来源=状态台账 代次=6
2026-07-20 03:20:23 - INFO - [持仓风险恢复] 来源=账户接管:交割单
2026-07-20 03:20:23 - INFO - [持仓风险恢复] 代码=159985.SZ 数量=2000 成本=2.155300 买入日期=2026-07-07 ATR=0.029500 持仓最高收盘价=2.231000 状态=已验证 来源=账户接管:交割单
2026-07-20 03:20:23 - INFO - [持仓风险恢复] 代码=513050.SS 数量=2100 成本=1.071200 买入日期=2026-07-14 ATR=0.036429 持仓最高收盘价=1.145000 状态=已验证 来源=账户接管:交割单
2026-07-20 03:20:23 - INFO - [持仓风险恢复] 代码=513500.SS 数量=4200 成本=2.561100 买入日期=2026-07-16 ATR=0.025429 持仓最高收盘价=2.577000 状态=已验证 来源=账户接管:交割单
2026-07-20 09:35:00 - INFO - [cross-v0.3.2] 执行日期=2026-07-20 信号日期=2026-07-17 是否调仓=是
2026-07-20 09:35:00 - INFO - [候选排名]
2026-07-20 09:35:00 - INFO -   159928.SZ 买入评分=39 反转评分=11 位置评分=7 趋势评分=17 量能评分=4 卖出评分=6 收盘价=0.653 RSI[6/12/24]=62.6/56.7/48.7 MACD[DIF/DEA/HIST]=-0.0016/-0.0081/0.0131 KDJ[K/D/J]=78.5/75.0/85.6 BOLL[U/M/L]=0.660/0.629/0.597 MA[5/10/20/60]=0.647/0.638/0.629/0.672 VOL[5/20]=670802506/546111639 ATR14=0.0160 DMI[+DI/-DI/ADX]=29.1/6.0/29.9 RSI_DIFF[6-12/6-24]=5.9/13.8(前值 14.8/26.8) MACD_DIFF[DIF-DEA]=0.0066(前值 0.0068) KDJ_DIFF[K-D/J-D]=3.6/10.7(前值 9.0/27.0)
2026-07-20 09:35:00 - INFO -   513500.SS 买入评分=36 反转评分=0 位置评分=17 趋势评分=15 量能评分=4 卖出评分=35 收盘价=2.503 RSI[6/12/24]=39.5/45.6/50.0 MACD[DIF/DEA/HIST]=0.0067/0.0044/0.0046 KDJ[K/D/J]=62.9/75.3/38.2 BOLL[U/M/L]=2.573/2.516/2.459 MA[5/10/20/60]=2.541/2.529/2.516/2.501 VOL[5/20]=156461685/152906444 ATR14=0.0264 DMI[+DI/-DI/ADX]=20.9/19.5/33.4 RSI_DIFF[6-12/6-24]=-6.1/-10.5(前值 13.6/18.8) MACD_DIFF[DIF-DEA]=0.0023(前值 0.0060) KDJ_DIFF[K-D/J-D]=-12.4/-37.1(前值 9.3/27.8)
2026-07-20 09:35:00 - INFO -   159985.SZ 买入评分=31 反转评分=0 位置评分=7 趋势评分=20 量能评分=4 卖出评分=35 收盘价=2.123 RSI[6/12/24]=43.7/52.3/53.2 MACD[DIF/DEA/HIST]=0.0361/0.0280/0.0162 KDJ[K/D/J]=55.7/71.8/23.5 BOLL[U/M/L]=2.261/2.089/1.916 MA[5/10/20/60]=2.182/2.167/2.089/2.088 VOL[5/20]=317583548/198661139 ATR14=0.0656 DMI[+DI/-DI/ADX]=47.7/30.4/39.3 RSI_DIFF[6-12/6-24]=-8.7/-9.5(前值 -6.8/-5.9) MACD_DIFF[DIF-DEA]=0.0081(前值 0.0148) KDJ_DIFF[K-D/J-D]=-16.1/-48.3(前值 -9.2/-27.7)
2026-07-20 09:35:00 - INFO -   513050.SS 买入评分=21 反转评分=0 位置评分=0 趋势评分=17 量能评分=4 卖出评分=11 收盘价=1.097 RSI[6/12/24]=55.9/55.9/50.1 MACD[DIF/DEA/HIST]=0.0086/-0.0073/0.0319 KDJ[K/D/J]=73.0/76.5/65.8 BOLL[U/M/L]=1.154/1.037/0.921 MA[5/10/20/60]=1.106/1.087/1.037/1.117 VOL[5/20]=3647027720/2882706994 ATR14=0.0394 DMI[+DI/-DI/ADX]=45.3/14.6/42.5 RSI_DIFF[6-12/6-24]=0.0/5.8(前值 16.5/30.4) MACD_DIFF[DIF-DEA]=0.0159(前值 0.0190) KDJ_DIFF[K-D/J-D]=-3.6/-10.7(前值 5.7/17.2)
2026-07-20 09:35:00 - INFO -   518880.SS 买入评分=8 反转评分=0 位置评分=17 趋势评分=-9 量能评分=0 卖出评分=10 收盘价=8.311 RSI[6/12/24]=25.1/34.0/36.8 MACD[DIF/DEA/HIST]=-0.1613/-0.1747/0.0268 KDJ[K/D/J]=22.7/33.7/0.5 BOLL[U/M/L]=8.732/8.471/8.211 MA[5/10/20/60]=8.367/8.474/8.471/9.112 VOL[5/20]=246218208/334822184 ATR14=0.1241 DMI[+DI/-DI/ADX]=23.6/33.4/16.2 RSI_DIFF[6-12/6-24]=-8.8/-11.7(前值 -5.9/-7.6) MACD_DIFF[DIF-DEA]=0.0134(前值 0.0180) KDJ_DIFF[K-D/J-D]=-11.1/-33.2(前值 -12.8/-38.5)
2026-07-20 09:35:00 - INFO - [上穿信号] 数量=1
2026-07-20 09:35:00 - INFO -   159928.SZ 反转评分=11 买入评分=39 卖出评分=6 RSI12上穿=否 RSI24上穿=否 MACD上穿=否 KDJ_K上穿=是 KDJ_J上穿=是 RSI12下穿=否 RSI24下穿=否 MACD下穿=否 KDJ_K下穿=否 KDJ_J下穿=否 RSI[6/12/24]=62.6/56.7/48.7 MACD[DIF/DEA/HIST]=-0.0016/-0.0081/0.0131 KDJ[K/D/J]=78.5/75.0/85.6 BOLL[U/M/L]=0.660/0.629/0.597 MA[5/10/20/60]=0.647/0.638/0.629/0.672 VOL[5/20]=670802506/546111639 ATR14=0.0160 DMI[+DI/-DI/ADX]=29.1/6.0/29.9 RSI_DIFF[6-12/6-24]=5.9/13.8(前值 14.8/26.8) MACD_DIFF[DIF-DEA]=0.0066(前值 0.0068) KDJ_DIFF[K-D/J-D]=3.6/10.7(前值 9.0/27.0)
2026-07-20 09:35:00 - INFO - [宽松反转] 数量=2
2026-07-20 09:35:00 - INFO -   159928.SZ 宽松反转数=1 买入评分=39 反转评分=11 RSI转强=False RSI变化=-16.34 MACD转强=True DIF变化=0.0014 KDJ转强=False K值变化=-3.66 J值变化=-14.54 RSI[6/12/24]=62.6/56.7/48.7 MACD[DIF/DEA/HIST]=-0.0016/-0.0081/0.0131 KDJ[K/D/J]=78.5/75.0/85.6 BOLL[U/M/L]=0.660/0.629/0.597 MA[5/10/20/60]=0.647/0.638/0.629/0.672 VOL[5/20]=670802506/546111639 ATR14=0.0160 DMI[+DI/-DI/ADX]=29.1/6.0/29.9 RSI_DIFF[6-12/6-24]=5.9/13.8(前值 14.8/26.8) MACD_DIFF[DIF-DEA]=0.0066(前值 0.0068) KDJ_DIFF[K-D/J-D]=3.6/10.7(前值 9.0/27.0)
2026-07-20 09:35:00 - INFO -   513050.SS 宽松反转数=1 买入评分=21 反转评分=0 RSI转强=False RSI变化=-30.46 MACD转强=True DIF变化=0.0010 KDJ转强=False K值变化=-11.10 J值变化=-29.71 RSI[6/12/24]=55.9/55.9/50.1 MACD[DIF/DEA/HIST]=0.0086/-0.0073/0.0319 KDJ[K/D/J]=73.0/76.5/65.8 BOLL[U/M/L]=1.154/1.037/0.921 MA[5/10/20/60]=1.106/1.087/1.037/1.117 VOL[5/20]=3647027720/2882706994 ATR14=0.0394 DMI[+DI/-DI/ADX]=45.3/14.6/42.5 RSI_DIFF[6-12/6-24]=0.0/5.8(前值 16.5/30.4) MACD_DIFF[DIF-DEA]=0.0159(前值 0.0190) KDJ_DIFF[K-D/J-D]=-3.6/-10.7(前值 5.7/17.2)
2026-07-20 09:35:00 - INFO - [风险收紧] 159985.SZ卖出评分=35
2026-07-20 09:35:00 - INFO - [持仓] 513050.SS尚未满足最短持有期，已跳过信号卖出
2026-07-20 09:35:00 - INFO - [持仓] 513500.SS尚未满足最短持有期，已跳过信号卖出
2026-07-20 15:30:00 - INFO - [盘后委托核对] 未发现未完成委托
2026-07-20 15:30:00 - INFO - ============================================================
2026-07-20 15:30:00 - INFO - [cross-v0.3.2 收盘] 总资产=18656.66 可用资金=1417.36 持仓数=3/3
2026-07-20 15:30:00 - INFO -   159985.SZ 成本价=2.155 当前价=2.180 持仓最高收盘价=2.231 收益率=1.1% 买入评分=31 卖出评分=35 止损价=2.119
2026-07-20 15:30:00 - INFO -   513050.SS 成本价=1.071 当前价=1.137 持仓最高收盘价=1.145 收益率=6.1% 买入评分=21 卖出评分=11 止损价=1.054
2026-07-20 15:30:00 - INFO -   513500.SS 成本价=2.561 当前价=2.498 持仓最高收盘价=2.577 收益率=-2.5% 买入评分=36 卖出评分=35 止损价=2.448
2026-07-20 15:30:00 - INFO - ============================================================
